// Jest Snapshot v1, https://goo.gl/fbAQLP

exports[`# Trash renders correctly 1`] = `
<svg
  height="100%"
  style="fill-rule: evenodd; clip-rule: evenodd; stroke-linecap: round; stroke-linejoin: round; stroke-miterlimit: 1.5;"
  version="1.1"
  viewBox="0 0 96 96"
  width="100%"
  xml:space="preserve"
  xmlns="http://www.w3.org/2000/svg"
  xmlns:serif="http://www.serif.com/"
  xmlns:xlink="http://www.w3.org/1999/xlink"
>
  <title>
    Trash-Icon
  </title>
  <desc>
    This is an icon which show an trash can.
  </desc>
  <path
    d="M14.704,31.159l66.592,0c0,0 -11.108,61.263 -11.108,61.263l-44.438,-0l-11.046,-61.263Z"
    style="stroke: currentColor; stroke-width: 4px;"
  />
  <path
    d="M15.819,9.273l65.472,12.105"
    style="fill: none; stroke: currentColor; stroke-width: 10px;"
  />
  <path
    d="M42.531,8.44l15.729,2.989"
    style="fill: none; stroke: currentColor; stroke-width: 13px;"
  />
</svg>
`;
